  Determining projects to restore...
  All projects are up-to-date for restore.
  HRM.Domain -> C:\Users\ADMIN\OneDrive\M├íy t├¡nh\HRM-SGTD\src\HRM.Domain\bin\Debug\net10.0\HRM.Domain.dll
  HRM.Application -> C:\Users\ADMIN\OneDrive\M├íy t├¡nh\HRM-SGTD\src\HRM.Application\bin\Debug\net10.0\HRM.Application.dll
  HRM.Infrastructure -> C:\Users\ADMIN\OneDrive\M├íy t├¡nh\HRM-SGTD\src\HRM.Infrastructure\bin\Debug\net10.0\HRM.Infrastructure.dll
C:\Program Files\dotnet\sdk\10.0.103\Microsoft.Common.CurrentVersion.targets(5080,5): warning MSB3026: Could not copy "C:\Users\ADMIN\OneDrive\M├íy t├¡nh\HRM-SGTD\src\HRM.Domain\bin\Debug\net10.0\HRM.Domain.dll" to "bin\Debug\net10.0\HRM.Domain.dll". Beginning retry 1 in 1000ms. The process cannot access the file 'C:\Users\ADMIN\OneDrive\M├íy t├¡nh\HRM-SGTD\src\HRM.API\bin\Debug\net10.0\HRM.Domain.dll' because it is being used by another process. The file is locked by: "HRM.API (3888)" [C:\Users\ADMIN\OneDrive\M├íy t├¡nh\HRM-SGTD\src\HRM.API\HRM.API.csproj]
C:\Program Files\dotnet\sdk\10.0.103\Microsoft.Common.CurrentVersion.targets(5080,5): warning MSB3026: Could not copy "C:\Users\ADMIN\OneDrive\M├íy t├¡nh\HRM-SGTD\src\HRM.Application\bin\Debug\net10.0\HRM.Application.dll" to "bin\Debug\net10.0\HRM.Application.dll". Beginning retry 1 in 1000ms. The process cannot access the file 'C:\Users\ADMIN\OneDrive\M├íy t├¡nh\HRM-SGTD\src\HRM.API\bin\Debug\net10.0\HRM.Application.dll' because it is being used by another process. The file is locked by: "HRM.API (3888)" [C:\Users\ADMIN\OneDrive\M├íy t├¡nh\HRM-SGTD\src\HRM.API\HRM.API.csproj]
C:\Program Files\dotnet\sdk\10.0.103\Microsoft.Common.CurrentVersion.targets(5080,5): warning MSB3026: Could not copy "C:\Users\ADMIN\OneDrive\M├íy t├¡nh\HRM-SGTD\src\HRM.Infrastructure\bin\Debug\net10.0\HRM.Infrastructure.dll" to "bin\Debug\net10.0\HRM.Infrastructure.dll". Beginning retry 1 in 1000ms. The process cannot access the file 'C:\Users\ADMIN\OneDrive\M├íy t├¡nh\HRM-SGTD\src\HRM.API\bin\Debug\net10.0\HRM.Infrastructure.dll' because it is being used by another process. The file is locked by: "HRM.API (3888)" [C:\Users\ADMIN\OneDrive\M├íy t├¡nh\HRM-SGTD\src\HRM.API\HRM.API.csproj]
C:\Program Files\dotnet\sdk\10.0.103\Microsoft.Common.CurrentVersion.targets(5080,5): warning MSB3026: Could not copy "C:\Users\ADMIN\OneDrive\M├íy t├¡nh\HRM-SGTD\src\HRM.Infrastructure\bin\Debug\net10.0\HRM.Infrastructure.dll" to "bin\Debug\net10.0\HRM.Infrastructure.dll". Beginning retry 2 in 1000ms. The process cannot access the file 'C:\Users\ADMIN\OneDrive\M├íy t├¡nh\HRM-SGTD\src\HRM.API\bin\Debug\net10.0\HRM.Infrastructure.dll' because it is being used by another process. The file is locked by: "HRM.API (3888)" [C:\Users\ADMIN\OneDrive\M├íy t├¡nh\HRM-SGTD\src\HRM.API\HRM.API.csproj]
C:\Program Files\dotnet\sdk\10.0.103\Microsoft.Common.CurrentVersion.targets(5080,5): warning MSB3026: Could not copy "C:\Users\ADMIN\OneDrive\M├íy t├¡nh\HRM-SGTD\src\HRM.Domain\bin\Debug\net10.0\HRM.Domain.dll" to "bin\Debug\net10.0\HRM.Domain.dll". Beginning retry 2 in 1000ms. The process cannot access the file 'C:\Users\ADMIN\OneDrive\M├íy t├¡nh\HRM-SGTD\src\HRM.API\bin\Debug\net10.0\HRM.Domain.dll' because it is being used by another process. The file is locked by: "HRM.API (3888)" [C:\Users\ADMIN\OneDrive\M├íy t├¡nh\HRM-SGTD\src\HRM.API\HRM.API.csproj]
C:\Program Files\dotnet\sdk\10.0.103\Microsoft.Common.CurrentVersion.targets(5080,5): warning MSB3026: Could not copy "C:\Users\ADMIN\OneDrive\M├íy t├¡nh\HRM-SGTD\src\HRM.Application\bin\Debug\net10.0\HRM.Application.dll" to "bin\Debug\net10.0\HRM.Application.dll". Beginning retry 2 in 1000ms. The process cannot access the file 'C:\Users\ADMIN\OneDrive\M├íy t├¡nh\HRM-SGTD\src\HRM.API\bin\Debug\net10.0\HRM.Application.dll' because it is being used by another process. The file is locked by: "HRM.API (3888)" [C:\Users\ADMIN\OneDrive\M├íy t├¡nh\HRM-SGTD\src\HRM.API\HRM.API.csproj]
C:\Program Files\dotnet\sdk\10.0.103\Microsoft.Common.CurrentVersion.targets(5080,5): warning MSB3026: Could not copy "C:\Users\ADMIN\OneDrive\M├íy t├¡nh\HRM-SGTD\src\HRM.Infrastructure\bin\Debug\net10.0\HRM.Infrastructure.dll" to "bin\Debug\net10.0\HRM.Infrastructure.dll". Beginning retry 3 in 1000ms. The process cannot access the file 'C:\Users\ADMIN\OneDrive\M├íy t├¡nh\HRM-SGTD\src\HRM.API\bin\Debug\net10.0\HRM.Infrastructure.dll' because it is being used by another process. The file is locked by: "HRM.API (3888)" [C:\Users\ADMIN\OneDrive\M├íy t├¡nh\HRM-SGTD\src\HRM.API\HRM.API.csproj]
C:\Program Files\dotnet\sdk\10.0.103\Microsoft.Common.CurrentVersion.targets(5080,5): warning MSB3026: Could not copy "C:\Users\ADMIN\OneDrive\M├íy t├¡nh\HRM-SGTD\src\HRM.Domain\bin\Debug\net10.0\HRM.Domain.dll" to "bin\Debug\net10.0\HRM.Domain.dll". Beginning retry 3 in 1000ms. The process cannot access the file 'C:\Users\ADMIN\OneDrive\M├íy t├¡nh\HRM-SGTD\src\HRM.API\bin\Debug\net10.0\HRM.Domain.dll' because it is being used by another process. The file is locked by: "HRM.API (3888)" [C:\Users\ADMIN\OneDrive\M├íy t├¡nh\HRM-SGTD\src\HRM.API\HRM.API.csproj]
C:\Program Files\dotnet\sdk\10.0.103\Microsoft.Common.CurrentVersion.targets(5080,5): warning MSB3026: Could not copy "C:\Users\ADMIN\OneDrive\M├íy t├¡nh\HRM-SGTD\src\HRM.Application\bin\Debug\net10.0\HRM.Application.dll" to "bin\Debug\net10.0\HRM.Application.dll". Beginning retry 3 in 1000ms. The process cannot access the file 'C:\Users\ADMIN\OneDrive\M├íy t├¡nh\HRM-SGTD\src\HRM.API\bin\Debug\net10.0\HRM.Application.dll' because it is being used by another process. The file is locked by: "HRM.API (3888)" [C:\Users\ADMIN\OneDrive\M├íy t├¡nh\HRM-SGTD\src\HRM.API\HRM.API.csproj]
C:\Program Files\dotnet\sdk\10.0.103\Microsoft.Common.CurrentVersion.targets(5080,5): warning MSB3026: Could not copy "C:\Users\ADMIN\OneDrive\M├íy t├¡nh\HRM-SGTD\src\HRM.Infrastructure\bin\Debug\net10.0\HRM.Infrastructure.dll" to "bin\Debug\net10.0\HRM.Infrastructure.dll". Beginning retry 4 in 1000ms. The process cannot access the file 'C:\Users\ADMIN\OneDrive\M├íy t├¡nh\HRM-SGTD\src\HRM.API\bin\Debug\net10.0\HRM.Infrastructure.dll' because it is being used by another process. The file is locked by: "HRM.API (3888)" [C:\Users\ADMIN\OneDrive\M├íy t├¡nh\HRM-SGTD\src\HRM.API\HRM.API.csproj]
C:\Program Files\dotnet\sdk\10.0.103\Microsoft.Common.CurrentVersion.targets(5080,5): warning MSB3026: Could not copy "C:\Users\ADMIN\OneDrive\M├íy t├¡nh\HRM-SGTD\src\HRM.Domain\bin\Debug\net10.0\HRM.Domain.dll" to "bin\Debug\net10.0\HRM.Domain.dll". Beginning retry 4 in 1000ms. The process cannot access the file 'C:\Users\ADMIN\OneDrive\M├íy t├¡nh\HRM-SGTD\src\HRM.API\bin\Debug\net10.0\HRM.Domain.dll' because it is being used by another process. The file is locked by: "HRM.API (3888)" [C:\Users\ADMIN\OneDrive\M├íy t├¡nh\HRM-SGTD\src\HRM.API\HRM.API.csproj]
C:\Program Files\dotnet\sdk\10.0.103\Microsoft.Common.CurrentVersion.targets(5080,5): warning MSB3026: Could not copy "C:\Users\ADMIN\OneDrive\M├íy t├¡nh\HRM-SGTD\src\HRM.Application\bin\Debug\net10.0\HRM.Application.dll" to "bin\Debug\net10.0\HRM.Application.dll". Beginning retry 4 in 1000ms. The process cannot access the file 'C:\Users\ADMIN\OneDrive\M├íy t├¡nh\HRM-SGTD\src\HRM.API\bin\Debug\net10.0\HRM.Application.dll' because it is being used by another process. The file is locked by: "HRM.API (3888)" [C:\Users\ADMIN\OneDrive\M├íy t├¡nh\HRM-SGTD\src\HRM.API\HRM.API.csproj]
C:\Program Files\dotnet\sdk\10.0.103\Microsoft.Common.CurrentVersion.targets(5080,5): warning MSB3026: Could not copy "C:\Users\ADMIN\OneDrive\M├íy t├¡nh\HRM-SGTD\src\HRM.Infrastructure\bin\Debug\net10.0\HRM.Infrastructure.dll" to "bin\Debug\net10.0\HRM.Infrastructure.dll". Beginning retry 5 in 1000ms. The process cannot access the file 'C:\Users\ADMIN\OneDrive\M├íy t├¡nh\HRM-SGTD\src\HRM.API\bin\Debug\net10.0\HRM.Infrastructure.dll' because it is being used by another process. The file is locked by: "HRM.API (3888)" [C:\Users\ADMIN\OneDrive\M├íy t├¡nh\HRM-SGTD\src\HRM.API\HRM.API.csproj]
C:\Program Files\dotnet\sdk\10.0.103\Microsoft.Common.CurrentVersion.targets(5080,5): warning MSB3026: Could not copy "C:\Users\ADMIN\OneDrive\M├íy t├¡nh\HRM-SGTD\src\HRM.Domain\bin\Debug\net10.0\HRM.Domain.dll" to "bin\Debug\net10.0\HRM.Domain.dll". Beginning retry 5 in 1000ms. The process cannot access the file 'C:\Users\ADMIN\OneDrive\M├íy t├¡nh\HRM-SGTD\src\HRM.API\bin\Debug\net10.0\HRM.Domain.dll' because it is being used by another process. The file is locked by: "HRM.API (3888)" [C:\Users\ADMIN\OneDrive\M├íy t├¡nh\HRM-SGTD\src\HRM.API\HRM.API.csproj]
C:\Program Files\dotnet\sdk\10.0.103\Microsoft.Common.CurrentVersion.targets(5080,5): warning MSB3026: Could not copy "C:\Users\ADMIN\OneDrive\M├íy t├¡nh\HRM-SGTD\src\HRM.Application\bin\Debug\net10.0\HRM.Application.dll" to "bin\Debug\net10.0\HRM.Application.dll". Beginning retry 5 in 1000ms. The process cannot access the file 'C:\Users\ADMIN\OneDrive\M├íy t├¡nh\HRM-SGTD\src\HRM.API\bin\Debug\net10.0\HRM.Application.dll' because it is being used by another process. The file is locked by: "HRM.API (3888)" [C:\Users\ADMIN\OneDrive\M├íy t├¡nh\HRM-SGTD\src\HRM.API\HRM.API.csproj]
C:\Program Files\dotnet\sdk\10.0.103\Microsoft.Common.CurrentVersion.targets(5080,5): warning MSB3026: Could not copy "C:\Users\ADMIN\OneDrive\M├íy t├¡nh\HRM-SGTD\src\HRM.Infrastructure\bin\Debug\net10.0\HRM.Infrastructure.dll" to "bin\Debug\net10.0\HRM.Infrastructure.dll". Beginning retry 6 in 1000ms. The process cannot access the file 'C:\Users\ADMIN\OneDrive\M├íy t├¡nh\HRM-SGTD\src\HRM.API\bin\Debug\net10.0\HRM.Infrastructure.dll' because it is being used by another process. The file is locked by: "HRM.API (3888)" [C:\Users\ADMIN\OneDrive\M├íy t├¡nh\HRM-SGTD\src\HRM.API\HRM.API.csproj]
C:\Program Files\dotnet\sdk\10.0.103\Microsoft.Common.CurrentVersion.targets(5080,5): warning MSB3026: Could not copy "C:\Users\ADMIN\OneDrive\M├íy t├¡nh\HRM-SGTD\src\HRM.Domain\bin\Debug\net10.0\HRM.Domain.dll" to "bin\Debug\net10.0\HRM.Domain.dll". Beginning retry 6 in 1000ms. The process cannot access the file 'C:\Users\ADMIN\OneDrive\M├íy t├¡nh\HRM-SGTD\src\HRM.API\bin\Debug\net10.0\HRM.Domain.dll' because it is being used by another process. The file is locked by: "HRM.API (3888)" [C:\Users\ADMIN\OneDrive\M├íy t├¡nh\HRM-SGTD\src\HRM.API\HRM.API.csproj]
C:\Program Files\dotnet\sdk\10.0.103\Microsoft.Common.CurrentVersion.targets(5080,5): warning MSB3026: Could not copy "C:\Users\ADMIN\OneDrive\M├íy t├¡nh\HRM-SGTD\src\HRM.Application\bin\Debug\net10.0\HRM.Application.dll" to "bin\Debug\net10.0\HRM.Application.dll". Beginning retry 6 in 1000ms. The process cannot access the file 'C:\Users\ADMIN\OneDrive\M├íy t├¡nh\HRM-SGTD\src\HRM.API\bin\Debug\net10.0\HRM.Application.dll' because it is being used by another process. The file is locked by: "HRM.API (3888)" [C:\Users\ADMIN\OneDrive\M├íy t├¡nh\HRM-SGTD\src\HRM.API\HRM.API.csproj]
C:\Program Files\dotnet\sdk\10.0.103\Microsoft.Common.CurrentVersion.targets(5080,5): warning MSB3026: Could not copy "C:\Users\ADMIN\OneDrive\M├íy t├¡nh\HRM-SGTD\src\HRM.Infrastructure\bin\Debug\net10.0\HRM.Infrastructure.dll" to "bin\Debug\net10.0\HRM.Infrastructure.dll". Beginning retry 7 in 1000ms. The process cannot access the file 'C:\Users\ADMIN\OneDrive\M├íy t├¡nh\HRM-SGTD\src\HRM.API\bin\Debug\net10.0\HRM.Infrastructure.dll' because it is being used by another process. The file is locked by: "HRM.API (3888)" [C:\Users\ADMIN\OneDrive\M├íy t├¡nh\HRM-SGTD\src\HRM.API\HRM.API.csproj]
C:\Program Files\dotnet\sdk\10.0.103\Microsoft.Common.CurrentVersion.targets(5080,5): warning MSB3026: Could not copy "C:\Users\ADMIN\OneDrive\M├íy t├¡nh\HRM-SGTD\src\HRM.Domain\bin\Debug\net10.0\HRM.Domain.dll" to "bin\Debug\net10.0\HRM.Domain.dll". Beginning retry 7 in 1000ms. The process cannot access the file 'C:\Users\ADMIN\OneDrive\M├íy t├¡nh\HRM-SGTD\src\HRM.API\bin\Debug\net10.0\HRM.Domain.dll' because it is being used by another process. The file is locked by: "HRM.API (3888)" [C:\Users\ADMIN\OneDrive\M├íy t├¡nh\HRM-SGTD\src\HRM.API\HRM.API.csproj]
C:\Program Files\dotnet\sdk\10.0.103\Microsoft.Common.CurrentVersion.targets(5080,5): warning MSB3026: Could not copy "C:\Users\ADMIN\OneDrive\M├íy t├¡nh\HRM-SGTD\src\HRM.Application\bin\Debug\net10.0\HRM.Application.dll" to "bin\Debug\net10.0\HRM.Application.dll". Beginning retry 7 in 1000ms. The process cannot access the file 'C:\Users\ADMIN\OneDrive\M├íy t├¡nh\HRM-SGTD\src\HRM.API\bin\Debug\net10.0\HRM.Application.dll' because it is being used by another process. The file is locked by: "HRM.API (3888)" [C:\Users\ADMIN\OneDrive\M├íy t├¡nh\HRM-SGTD\src\HRM.API\HRM.API.csproj]
C:\Program Files\dotnet\sdk\10.0.103\Microsoft.Common.CurrentVersion.targets(5080,5): warning MSB3026: Could not copy "C:\Users\ADMIN\OneDrive\M├íy t├¡nh\HRM-SGTD\src\HRM.Infrastructure\bin\Debug\net10.0\HRM.Infrastructure.dll" to "bin\Debug\net10.0\HRM.Infrastructure.dll". Beginning retry 8 in 1000ms. The process cannot access the file 'C:\Users\ADMIN\OneDrive\M├íy t├¡nh\HRM-SGTD\src\HRM.API\bin\Debug\net10.0\HRM.Infrastructure.dll' because it is being used by another process. The file is locked by: "HRM.API (3888)" [C:\Users\ADMIN\OneDrive\M├íy t├¡nh\HRM-SGTD\src\HRM.API\HRM.API.csproj]
C:\Program Files\dotnet\sdk\10.0.103\Microsoft.Common.CurrentVersion.targets(5080,5): warning MSB3026: Could not copy "C:\Users\ADMIN\OneDrive\M├íy t├¡nh\HRM-SGTD\src\HRM.Domain\bin\Debug\net10.0\HRM.Domain.dll" to "bin\Debug\net10.0\HRM.Domain.dll". Beginning retry 8 in 1000ms. The process cannot access the file 'C:\Users\ADMIN\OneDrive\M├íy t├¡nh\HRM-SGTD\src\HRM.API\bin\Debug\net10.0\HRM.Domain.dll' because it is being used by another process. The file is locked by: "HRM.API (3888)" [C:\Users\ADMIN\OneDrive\M├íy t├¡nh\HRM-SGTD\src\HRM.API\HRM.API.csproj]
C:\Program Files\dotnet\sdk\10.0.103\Microsoft.Common.CurrentVersion.targets(5080,5): warning MSB3026: Could not copy "C:\Users\ADMIN\OneDrive\M├íy t├¡nh\HRM-SGTD\src\HRM.Application\bin\Debug\net10.0\HRM.Application.dll" to "bin\Debug\net10.0\HRM.Application.dll". Beginning retry 8 in 1000ms. The process cannot access the file 'C:\Users\ADMIN\OneDrive\M├íy t├¡nh\HRM-SGTD\src\HRM.API\bin\Debug\net10.0\HRM.Application.dll' because it is being used by another process. The file is locked by: "HRM.API (3888)" [C:\Users\ADMIN\OneDrive\M├íy t├¡nh\HRM-SGTD\src\HRM.API\HRM.API.csproj]
C:\Program Files\dotnet\sdk\10.0.103\Microsoft.Common.CurrentVersion.targets(5080,5): warning MSB3026: Could not copy "C:\Users\ADMIN\OneDrive\M├íy t├¡nh\HRM-SGTD\src\HRM.Infrastructure\bin\Debug\net10.0\HRM.Infrastructure.dll" to "bin\Debug\net10.0\HRM.Infrastructure.dll". Beginning retry 9 in 1000ms. The process cannot access the file 'C:\Users\ADMIN\OneDrive\M├íy t├¡nh\HRM-SGTD\src\HRM.API\bin\Debug\net10.0\HRM.Infrastructure.dll' because it is being used by another process. The file is locked by: "HRM.API (3888)" [C:\Users\ADMIN\OneDrive\M├íy t├¡nh\HRM-SGTD\src\HRM.API\HRM.API.csproj]
C:\Program Files\dotnet\sdk\10.0.103\Microsoft.Common.CurrentVersion.targets(5080,5): warning MSB3026: Could not copy "C:\Users\ADMIN\OneDrive\M├íy t├¡nh\HRM-SGTD\src\HRM.Domain\bin\Debug\net10.0\HRM.Domain.dll" to "bin\Debug\net10.0\HRM.Domain.dll". Beginning retry 9 in 1000ms. The process cannot access the file 'C:\Users\ADMIN\OneDrive\M├íy t├¡nh\HRM-SGTD\src\HRM.API\bin\Debug\net10.0\HRM.Domain.dll' because it is being used by another process. The file is locked by: "HRM.API (3888)" [C:\Users\ADMIN\OneDrive\M├íy t├¡nh\HRM-SGTD\src\HRM.API\HRM.API.csproj]
C:\Program Files\dotnet\sdk\10.0.103\Microsoft.Common.CurrentVersion.targets(5080,5): warning MSB3026: Could not copy "C:\Users\ADMIN\OneDrive\M├íy t├¡nh\HRM-SGTD\src\HRM.Application\bin\Debug\net10.0\HRM.Application.dll" to "bin\Debug\net10.0\HRM.Application.dll". Beginning retry 9 in 1000ms. The process cannot access the file 'C:\Users\ADMIN\OneDrive\M├íy t├¡nh\HRM-SGTD\src\HRM.API\bin\Debug\net10.0\HRM.Application.dll' because it is being used by another process. The file is locked by: "HRM.API (3888)" [C:\Users\ADMIN\OneDrive\M├íy t├¡nh\HRM-SGTD\src\HRM.API\HRM.API.csproj]
C:\Program Files\dotnet\sdk\10.0.103\Microsoft.Common.CurrentVersion.targets(5080,5): warning MSB3026: Could not copy "C:\Users\ADMIN\OneDrive\M├íy t├¡nh\HRM-SGTD\src\HRM.Infrastructure\bin\Debug\net10.0\HRM.Infrastructure.dll" to "bin\Debug\net10.0\HRM.Infrastructure.dll". Beginning retry 10 in 1000ms. The process cannot access the file 'C:\Users\ADMIN\OneDrive\M├íy t├¡nh\HRM-SGTD\src\HRM.API\bin\Debug\net10.0\HRM.Infrastructure.dll' because it is being used by another process. The file is locked by: "HRM.API (3888)" [C:\Users\ADMIN\OneDrive\M├íy t├¡nh\HRM-SGTD\src\HRM.API\HRM.API.csproj]
C:\Program Files\dotnet\sdk\10.0.103\Microsoft.Common.CurrentVersion.targets(5080,5): warning MSB3026: Could not copy "C:\Users\ADMIN\OneDrive\M├íy t├¡nh\HRM-SGTD\src\HRM.Domain\bin\Debug\net10.0\HRM.Domain.dll" to "bin\Debug\net10.0\HRM.Domain.dll". Beginning retry 10 in 1000ms. The process cannot access the file 'C:\Users\ADMIN\OneDrive\M├íy t├¡nh\HRM-SGTD\src\HRM.API\bin\Debug\net10.0\HRM.Domain.dll' because it is being used by another process. The file is locked by: "HRM.API (3888)" [C:\Users\ADMIN\OneDrive\M├íy t├¡nh\HRM-SGTD\src\HRM.API\HRM.API.csproj]
C:\Program Files\dotnet\sdk\10.0.103\Microsoft.Common.CurrentVersion.targets(5080,5): warning MSB3026: Could not copy "C:\Users\ADMIN\OneDrive\M├íy t├¡nh\HRM-SGTD\src\HRM.Application\bin\Debug\net10.0\HRM.Application.dll" to "bin\Debug\net10.0\HRM.Application.dll". Beginning retry 10 in 1000ms. The process cannot access the file 'C:\Users\ADMIN\OneDrive\M├íy t├¡nh\HRM-SGTD\src\HRM.API\bin\Debug\net10.0\HRM.Application.dll' because it is being used by another process. The file is locked by: "HRM.API (3888)" [C:\Users\ADMIN\OneDrive\M├íy t├¡nh\HRM-SGTD\src\HRM.API\HRM.API.csproj]
C:\Program Files\dotnet\sdk\10.0.103\Microsoft.Common.CurrentVersion.targets(5080,5): error MSB3027: Could not copy "C:\Users\ADMIN\OneDrive\M├íy t├¡nh\HRM-SGTD\src\HRM.Infrastructure\bin\Debug\net10.0\HRM.Infrastructure.dll" to "bin\Debug\net10.0\HRM.Infrastructure.dll". Exceeded retry count of 10. Failed. The file is locked by: "HRM.API (3888)" [C:\Users\ADMIN\OneDrive\M├íy t├¡nh\HRM-SGTD\src\HRM.API\HRM.API.csproj]
C:\Program Files\dotnet\sdk\10.0.103\Microsoft.Common.CurrentVersion.targets(5080,5): error MSB3021: Unable to copy file "C:\Users\ADMIN\OneDrive\M├íy t├¡nh\HRM-SGTD\src\HRM.Infrastructure\bin\Debug\net10.0\HRM.Infrastructure.dll" to "bin\Debug\net10.0\HRM.Infrastructure.dll". The process cannot access the file 'C:\Users\ADMIN\OneDrive\M├íy t├¡nh\HRM-SGTD\src\HRM.API\bin\Debug\net10.0\HRM.Infrastructure.dll' because it is being used by another process. [C:\Users\ADMIN\OneDrive\M├íy t├¡nh\HRM-SGTD\src\HRM.API\HRM.API.csproj]
C:\Program Files\dotnet\sdk\10.0.103\Microsoft.Common.CurrentVersion.targets(5080,5): error MSB3027: Could not copy "C:\Users\ADMIN\OneDrive\M├íy t├¡nh\HRM-SGTD\src\HRM.Domain\bin\Debug\net10.0\HRM.Domain.dll" to "bin\Debug\net10.0\HRM.Domain.dll". Exceeded retry count of 10. Failed. The file is locked by: "HRM.API (3888)" [C:\Users\ADMIN\OneDrive\M├íy t├¡nh\HRM-SGTD\src\HRM.API\HRM.API.csproj]
C:\Program Files\dotnet\sdk\10.0.103\Microsoft.Common.CurrentVersion.targets(5080,5): error MSB3027: Could not copy "C:\Users\ADMIN\OneDrive\M├íy t├¡nh\HRM-SGTD\src\HRM.Application\bin\Debug\net10.0\HRM.Application.dll" to "bin\Debug\net10.0\HRM.Application.dll". Exceeded retry count of 10. Failed. The file is locked by: "HRM.API (3888)" [C:\Users\ADMIN\OneDrive\M├íy t├¡nh\HRM-SGTD\src\HRM.API\HRM.API.csproj]
C:\Program Files\dotnet\sdk\10.0.103\Microsoft.Common.CurrentVersion.targets(5080,5): error MSB3021: Unable to copy file "C:\Users\ADMIN\OneDrive\M├íy t├¡nh\HRM-SGTD\src\HRM.Application\bin\Debug\net10.0\HRM.Application.dll" to "bin\Debug\net10.0\HRM.Application.dll". The process cannot access the file 'C:\Users\ADMIN\OneDrive\M├íy t├¡nh\HRM-SGTD\src\HRM.API\bin\Debug\net10.0\HRM.Application.dll' because it is being used by another process. [C:\Users\ADMIN\OneDrive\M├íy t├¡nh\HRM-SGTD\src\HRM.API\HRM.API.csproj]
C:\Program Files\dotnet\sdk\10.0.103\Microsoft.Common.CurrentVersion.targets(5080,5): error MSB3021: Unable to copy file "C:\Users\ADMIN\OneDrive\M├íy t├¡nh\HRM-SGTD\src\HRM.Domain\bin\Debug\net10.0\HRM.Domain.dll" to "bin\Debug\net10.0\HRM.Domain.dll". The process cannot access the file 'C:\Users\ADMIN\OneDrive\M├íy t├¡nh\HRM-SGTD\src\HRM.API\bin\Debug\net10.0\HRM.Domain.dll' because it is being used by another process. [C:\Users\ADMIN\OneDrive\M├íy t├¡nh\HRM-SGTD\src\HRM.API\HRM.API.csproj]

Build FAILED.

C:\Program Files\dotnet\sdk\10.0.103\Microsoft.Common.CurrentVersion.targets(5080,5): warning MSB3026: Could not copy "C:\Users\ADMIN\OneDrive\M├íy t├¡nh\HRM-SGTD\src\HRM.Domain\bin\Debug\net10.0\HRM.Domain.dll" to "bin\Debug\net10.0\HRM.Domain.dll". Beginning retry 1 in 1000ms. The process cannot access the file 'C:\Users\ADMIN\OneDrive\M├íy t├¡nh\HRM-SGTD\src\HRM.API\bin\Debug\net10.0\HRM.Domain.dll' because it is being used by another process. The file is locked by: "HRM.API (3888)" [C:\Users\ADMIN\OneDrive\M├íy t├¡nh\HRM-SGTD\src\HRM.API\HRM.API.csproj]
C:\Program Files\dotnet\sdk\10.0.103\Microsoft.Common.CurrentVersion.targets(5080,5): warning MSB3026: Could not copy "C:\Users\ADMIN\OneDrive\M├íy t├¡nh\HRM-SGTD\src\HRM.Application\bin\Debug\net10.0\HRM.Application.dll" to "bin\Debug\net10.0\HRM.Application.dll". Beginning retry 1 in 1000ms. The process cannot access the file 'C:\Users\ADMIN\OneDrive\M├íy t├¡nh\HRM-SGTD\src\HRM.API\bin\Debug\net10.0\HRM.Application.dll' because it is being used by another process. The file is locked by: "HRM.API (3888)" [C:\Users\ADMIN\OneDrive\M├íy t├¡nh\HRM-SGTD\src\HRM.API\HRM.API.csproj]
C:\Program Files\dotnet\sdk\10.0.103\Microsoft.Common.CurrentVersion.targets(5080,5): warning MSB3026: Could not copy "C:\Users\ADMIN\OneDrive\M├íy t├¡nh\HRM-SGTD\src\HRM.Infrastructure\bin\Debug\net10.0\HRM.Infrastructure.dll" to "bin\Debug\net10.0\HRM.Infrastructure.dll". Beginning retry 1 in 1000ms. The process cannot access the file 'C:\Users\ADMIN\OneDrive\M├íy t├¡nh\HRM-SGTD\src\HRM.API\bin\Debug\net10.0\HRM.Infrastructure.dll' because it is being used by another process. The file is locked by: "HRM.API (3888)" [C:\Users\ADMIN\OneDrive\M├íy t├¡nh\HRM-SGTD\src\HRM.API\HRM.API.csproj]
C:\Program Files\dotnet\sdk\10.0.103\Microsoft.Common.CurrentVersion.targets(5080,5): warning MSB3026: Could not copy "C:\Users\ADMIN\OneDrive\M├íy t├¡nh\HRM-SGTD\src\HRM.Infrastructure\bin\Debug\net10.0\HRM.Infrastructure.dll" to "bin\Debug\net10.0\HRM.Infrastructure.dll". Beginning retry 2 in 1000ms. The process cannot access the file 'C:\Users\ADMIN\OneDrive\M├íy t├¡nh\HRM-SGTD\src\HRM.API\bin\Debug\net10.0\HRM.Infrastructure.dll' because it is being used by another process. The file is locked by: "HRM.API (3888)" [C:\Users\ADMIN\OneDrive\M├íy t├¡nh\HRM-SGTD\src\HRM.API\HRM.API.csproj]
C:\Program Files\dotnet\sdk\10.0.103\Microsoft.Common.CurrentVersion.targets(5080,5): warning MSB3026: Could not copy "C:\Users\ADMIN\OneDrive\M├íy t├¡nh\HRM-SGTD\src\HRM.Domain\bin\Debug\net10.0\HRM.Domain.dll" to "bin\Debug\net10.0\HRM.Domain.dll". Beginning retry 2 in 1000ms. The process cannot access the file 'C:\Users\ADMIN\OneDrive\M├íy t├¡nh\HRM-SGTD\src\HRM.API\bin\Debug\net10.0\HRM.Domain.dll' because it is being used by another process. The file is locked by: "HRM.API (3888)" [C:\Users\ADMIN\OneDrive\M├íy t├¡nh\HRM-SGTD\src\HRM.API\HRM.API.csproj]
C:\Program Files\dotnet\sdk\10.0.103\Microsoft.Common.CurrentVersion.targets(5080,5): warning MSB3026: Could not copy "C:\Users\ADMIN\OneDrive\M├íy t├¡nh\HRM-SGTD\src\HRM.Application\bin\Debug\net10.0\HRM.Application.dll" to "bin\Debug\net10.0\HRM.Application.dll". Beginning retry 2 in 1000ms. The process cannot access the file 'C:\Users\ADMIN\OneDrive\M├íy t├¡nh\HRM-SGTD\src\HRM.API\bin\Debug\net10.0\HRM.Application.dll' because it is being used by another process. The file is locked by: "HRM.API (3888)" [C:\Users\ADMIN\OneDrive\M├íy t├¡nh\HRM-SGTD\src\HRM.API\HRM.API.csproj]
C:\Program Files\dotnet\sdk\10.0.103\Microsoft.Common.CurrentVersion.targets(5080,5): warning MSB3026: Could not copy "C:\Users\ADMIN\OneDrive\M├íy t├¡nh\HRM-SGTD\src\HRM.Infrastructure\bin\Debug\net10.0\HRM.Infrastructure.dll" to "bin\Debug\net10.0\HRM.Infrastructure.dll". Beginning retry 3 in 1000ms. The process cannot access the file 'C:\Users\ADMIN\OneDrive\M├íy t├¡nh\HRM-SGTD\src\HRM.API\bin\Debug\net10.0\HRM.Infrastructure.dll' because it is being used by another process. The file is locked by: "HRM.API (3888)" [C:\Users\ADMIN\OneDrive\M├íy t├¡nh\HRM-SGTD\src\HRM.API\HRM.API.csproj]
C:\Program Files\dotnet\sdk\10.0.103\Microsoft.Common.CurrentVersion.targets(5080,5): warning MSB3026: Could not copy "C:\Users\ADMIN\OneDrive\M├íy t├¡nh\HRM-SGTD\src\HRM.Domain\bin\Debug\net10.0\HRM.Domain.dll" to "bin\Debug\net10.0\HRM.Domain.dll". Beginning retry 3 in 1000ms. The process cannot access the file 'C:\Users\ADMIN\OneDrive\M├íy t├¡nh\HRM-SGTD\src\HRM.API\bin\Debug\net10.0\HRM.Domain.dll' because it is being used by another process. The file is locked by: "HRM.API (3888)" [C:\Users\ADMIN\OneDrive\M├íy t├¡nh\HRM-SGTD\src\HRM.API\HRM.API.csproj]
C:\Program Files\dotnet\sdk\10.0.103\Microsoft.Common.CurrentVersion.targets(5080,5): warning MSB3026: Could not copy "C:\Users\ADMIN\OneDrive\M├íy t├¡nh\HRM-SGTD\src\HRM.Application\bin\Debug\net10.0\HRM.Application.dll" to "bin\Debug\net10.0\HRM.Application.dll". Beginning retry 3 in 1000ms. The process cannot access the file 'C:\Users\ADMIN\OneDrive\M├íy t├¡nh\HRM-SGTD\src\HRM.API\bin\Debug\net10.0\HRM.Application.dll' because it is being used by another process. The file is locked by: "HRM.API (3888)" [C:\Users\ADMIN\OneDrive\M├íy t├¡nh\HRM-SGTD\src\HRM.API\HRM.API.csproj]
C:\Program Files\dotnet\sdk\10.0.103\Microsoft.Common.CurrentVersion.targets(5080,5): warning MSB3026: Could not copy "C:\Users\ADMIN\OneDrive\M├íy t├¡nh\HRM-SGTD\src\HRM.Infrastructure\bin\Debug\net10.0\HRM.Infrastructure.dll" to "bin\Debug\net10.0\HRM.Infrastructure.dll". Beginning retry 4 in 1000ms. The process cannot access the file 'C:\Users\ADMIN\OneDrive\M├íy t├¡nh\HRM-SGTD\src\HRM.API\bin\Debug\net10.0\HRM.Infrastructure.dll' because it is being used by another process. The file is locked by: "HRM.API (3888)" [C:\Users\ADMIN\OneDrive\M├íy t├¡nh\HRM-SGTD\src\HRM.API\HRM.API.csproj]
C:\Program Files\dotnet\sdk\10.0.103\Microsoft.Common.CurrentVersion.targets(5080,5): warning MSB3026: Could not copy "C:\Users\ADMIN\OneDrive\M├íy t├¡nh\HRM-SGTD\src\HRM.Domain\bin\Debug\net10.0\HRM.Domain.dll" to "bin\Debug\net10.0\HRM.Domain.dll". Beginning retry 4 in 1000ms. The process cannot access the file 'C:\Users\ADMIN\OneDrive\M├íy t├¡nh\HRM-SGTD\src\HRM.API\bin\Debug\net10.0\HRM.Domain.dll' because it is being used by another process. The file is locked by: "HRM.API (3888)" [C:\Users\ADMIN\OneDrive\M├íy t├¡nh\HRM-SGTD\src\HRM.API\HRM.API.csproj]
C:\Program Files\dotnet\sdk\10.0.103\Microsoft.Common.CurrentVersion.targets(5080,5): warning MSB3026: Could not copy "C:\Users\ADMIN\OneDrive\M├íy t├¡nh\HRM-SGTD\src\HRM.Application\bin\Debug\net10.0\HRM.Application.dll" to "bin\Debug\net10.0\HRM.Application.dll". Beginning retry 4 in 1000ms. The process cannot access the file 'C:\Users\ADMIN\OneDrive\M├íy t├¡nh\HRM-SGTD\src\HRM.API\bin\Debug\net10.0\HRM.Application.dll' because it is being used by another process. The file is locked by: "HRM.API (3888)" [C:\Users\ADMIN\OneDrive\M├íy t├¡nh\HRM-SGTD\src\HRM.API\HRM.API.csproj]
C:\Program Files\dotnet\sdk\10.0.103\Microsoft.Common.CurrentVersion.targets(5080,5): warning MSB3026: Could not copy "C:\Users\ADMIN\OneDrive\M├íy t├¡nh\HRM-SGTD\src\HRM.Infrastructure\bin\Debug\net10.0\HRM.Infrastructure.dll" to "bin\Debug\net10.0\HRM.Infrastructure.dll". Beginning retry 5 in 1000ms. The process cannot access the file 'C:\Users\ADMIN\OneDrive\M├íy t├¡nh\HRM-SGTD\src\HRM.API\bin\Debug\net10.0\HRM.Infrastructure.dll' because it is being used by another process. The file is locked by: "HRM.API (3888)" [C:\Users\ADMIN\OneDrive\M├íy t├¡nh\HRM-SGTD\src\HRM.API\HRM.API.csproj]
C:\Program Files\dotnet\sdk\10.0.103\Microsoft.Common.CurrentVersion.targets(5080,5): warning MSB3026: Could not copy "C:\Users\ADMIN\OneDrive\M├íy t├¡nh\HRM-SGTD\src\HRM.Domain\bin\Debug\net10.0\HRM.Domain.dll" to "bin\Debug\net10.0\HRM.Domain.dll". Beginning retry 5 in 1000ms. The process cannot access the file 'C:\Users\ADMIN\OneDrive\M├íy t├¡nh\HRM-SGTD\src\HRM.API\bin\Debug\net10.0\HRM.Domain.dll' because it is being used by another process. The file is locked by: "HRM.API (3888)" [C:\Users\ADMIN\OneDrive\M├íy t├¡nh\HRM-SGTD\src\HRM.API\HRM.API.csproj]
C:\Program Files\dotnet\sdk\10.0.103\Microsoft.Common.CurrentVersion.targets(5080,5): warning MSB3026: Could not copy "C:\Users\ADMIN\OneDrive\M├íy t├¡nh\HRM-SGTD\src\HRM.Application\bin\Debug\net10.0\HRM.Application.dll" to "bin\Debug\net10.0\HRM.Application.dll". Beginning retry 5 in 1000ms. The process cannot access the file 'C:\Users\ADMIN\OneDrive\M├íy t├¡nh\HRM-SGTD\src\HRM.API\bin\Debug\net10.0\HRM.Application.dll' because it is being used by another process. The file is locked by: "HRM.API (3888)" [C:\Users\ADMIN\OneDrive\M├íy t├¡nh\HRM-SGTD\src\HRM.API\HRM.API.csproj]
C:\Program Files\dotnet\sdk\10.0.103\Microsoft.Common.CurrentVersion.targets(5080,5): warning MSB3026: Could not copy "C:\Users\ADMIN\OneDrive\M├íy t├¡nh\HRM-SGTD\src\HRM.Infrastructure\bin\Debug\net10.0\HRM.Infrastructure.dll" to "bin\Debug\net10.0\HRM.Infrastructure.dll". Beginning retry 6 in 1000ms. The process cannot access the file 'C:\Users\ADMIN\OneDrive\M├íy t├¡nh\HRM-SGTD\src\HRM.API\bin\Debug\net10.0\HRM.Infrastructure.dll' because it is being used by another process. The file is locked by: "HRM.API (3888)" [C:\Users\ADMIN\OneDrive\M├íy t├¡nh\HRM-SGTD\src\HRM.API\HRM.API.csproj]
C:\Program Files\dotnet\sdk\10.0.103\Microsoft.Common.CurrentVersion.targets(5080,5): warning MSB3026: Could not copy "C:\Users\ADMIN\OneDrive\M├íy t├¡nh\HRM-SGTD\src\HRM.Domain\bin\Debug\net10.0\HRM.Domain.dll" to "bin\Debug\net10.0\HRM.Domain.dll". Beginning retry 6 in 1000ms. The process cannot access the file 'C:\Users\ADMIN\OneDrive\M├íy t├¡nh\HRM-SGTD\src\HRM.API\bin\Debug\net10.0\HRM.Domain.dll' because it is being used by another process. The file is locked by: "HRM.API (3888)" [C:\Users\ADMIN\OneDrive\M├íy t├¡nh\HRM-SGTD\src\HRM.API\HRM.API.csproj]
C:\Program Files\dotnet\sdk\10.0.103\Microsoft.Common.CurrentVersion.targets(5080,5): warning MSB3026: Could not copy "C:\Users\ADMIN\OneDrive\M├íy t├¡nh\HRM-SGTD\src\HRM.Application\bin\Debug\net10.0\HRM.Application.dll" to "bin\Debug\net10.0\HRM.Application.dll". Beginning retry 6 in 1000ms. The process cannot access the file 'C:\Users\ADMIN\OneDrive\M├íy t├¡nh\HRM-SGTD\src\HRM.API\bin\Debug\net10.0\HRM.Application.dll' because it is being used by another process. The file is locked by: "HRM.API (3888)" [C:\Users\ADMIN\OneDrive\M├íy t├¡nh\HRM-SGTD\src\HRM.API\HRM.API.csproj]
C:\Program Files\dotnet\sdk\10.0.103\Microsoft.Common.CurrentVersion.targets(5080,5): warning MSB3026: Could not copy "C:\Users\ADMIN\OneDrive\M├íy t├¡nh\HRM-SGTD\src\HRM.Infrastructure\bin\Debug\net10.0\HRM.Infrastructure.dll" to "bin\Debug\net10.0\HRM.Infrastructure.dll". Beginning retry 7 in 1000ms. The process cannot access the file 'C:\Users\ADMIN\OneDrive\M├íy t├¡nh\HRM-SGTD\src\HRM.API\bin\Debug\net10.0\HRM.Infrastructure.dll' because it is being used by another process. The file is locked by: "HRM.API (3888)" [C:\Users\ADMIN\OneDrive\M├íy t├¡nh\HRM-SGTD\src\HRM.API\HRM.API.csproj]
C:\Program Files\dotnet\sdk\10.0.103\Microsoft.Common.CurrentVersion.targets(5080,5): warning MSB3026: Could not copy "C:\Users\ADMIN\OneDrive\M├íy t├¡nh\HRM-SGTD\src\HRM.Domain\bin\Debug\net10.0\HRM.Domain.dll" to "bin\Debug\net10.0\HRM.Domain.dll". Beginning retry 7 in 1000ms. The process cannot access the file 'C:\Users\ADMIN\OneDrive\M├íy t├¡nh\HRM-SGTD\src\HRM.API\bin\Debug\net10.0\HRM.Domain.dll' because it is being used by another process. The file is locked by: "HRM.API (3888)" [C:\Users\ADMIN\OneDrive\M├íy t├¡nh\HRM-SGTD\src\HRM.API\HRM.API.csproj]
C:\Program Files\dotnet\sdk\10.0.103\Microsoft.Common.CurrentVersion.targets(5080,5): warning MSB3026: Could not copy "C:\Users\ADMIN\OneDrive\M├íy t├¡nh\HRM-SGTD\src\HRM.Application\bin\Debug\net10.0\HRM.Application.dll" to "bin\Debug\net10.0\HRM.Application.dll". Beginning retry 7 in 1000ms. The process cannot access the file 'C:\Users\ADMIN\OneDrive\M├íy t├¡nh\HRM-SGTD\src\HRM.API\bin\Debug\net10.0\HRM.Application.dll' because it is being used by another process. The file is locked by: "HRM.API (3888)" [C:\Users\ADMIN\OneDrive\M├íy t├¡nh\HRM-SGTD\src\HRM.API\HRM.API.csproj]
C:\Program Files\dotnet\sdk\10.0.103\Microsoft.Common.CurrentVersion.targets(5080,5): warning MSB3026: Could not copy "C:\Users\ADMIN\OneDrive\M├íy t├¡nh\HRM-SGTD\src\HRM.Infrastructure\bin\Debug\net10.0\HRM.Infrastructure.dll" to "bin\Debug\net10.0\HRM.Infrastructure.dll". Beginning retry 8 in 1000ms. The process cannot access the file 'C:\Users\ADMIN\OneDrive\M├íy t├¡nh\HRM-SGTD\src\HRM.API\bin\Debug\net10.0\HRM.Infrastructure.dll' because it is being used by another process. The file is locked by: "HRM.API (3888)" [C:\Users\ADMIN\OneDrive\M├íy t├¡nh\HRM-SGTD\src\HRM.API\HRM.API.csproj]
C:\Program Files\dotnet\sdk\10.0.103\Microsoft.Common.CurrentVersion.targets(5080,5): warning MSB3026: Could not copy "C:\Users\ADMIN\OneDrive\M├íy t├¡nh\HRM-SGTD\src\HRM.Domain\bin\Debug\net10.0\HRM.Domain.dll" to "bin\Debug\net10.0\HRM.Domain.dll". Beginning retry 8 in 1000ms. The process cannot access the file 'C:\Users\ADMIN\OneDrive\M├íy t├¡nh\HRM-SGTD\src\HRM.API\bin\Debug\net10.0\HRM.Domain.dll' because it is being used by another process. The file is locked by: "HRM.API (3888)" [C:\Users\ADMIN\OneDrive\M├íy t├¡nh\HRM-SGTD\src\HRM.API\HRM.API.csproj]
C:\Program Files\dotnet\sdk\10.0.103\Microsoft.Common.CurrentVersion.targets(5080,5): warning MSB3026: Could not copy "C:\Users\ADMIN\OneDrive\M├íy t├¡nh\HRM-SGTD\src\HRM.Application\bin\Debug\net10.0\HRM.Application.dll" to "bin\Debug\net10.0\HRM.Application.dll". Beginning retry 8 in 1000ms. The process cannot access the file 'C:\Users\ADMIN\OneDrive\M├íy t├¡nh\HRM-SGTD\src\HRM.API\bin\Debug\net10.0\HRM.Application.dll' because it is being used by another process. The file is locked by: "HRM.API (3888)" [C:\Users\ADMIN\OneDrive\M├íy t├¡nh\HRM-SGTD\src\HRM.API\HRM.API.csproj]
C:\Program Files\dotnet\sdk\10.0.103\Microsoft.Common.CurrentVersion.targets(5080,5): warning MSB3026: Could not copy "C:\Users\ADMIN\OneDrive\M├íy t├¡nh\HRM-SGTD\src\HRM.Infrastructure\bin\Debug\net10.0\HRM.Infrastructure.dll" to "bin\Debug\net10.0\HRM.Infrastructure.dll". Beginning retry 9 in 1000ms. The process cannot access the file 'C:\Users\ADMIN\OneDrive\M├íy t├¡nh\HRM-SGTD\src\HRM.API\bin\Debug\net10.0\HRM.Infrastructure.dll' because it is being used by another process. The file is locked by: "HRM.API (3888)" [C:\Users\ADMIN\OneDrive\M├íy t├¡nh\HRM-SGTD\src\HRM.API\HRM.API.csproj]
C:\Program Files\dotnet\sdk\10.0.103\Microsoft.Common.CurrentVersion.targets(5080,5): warning MSB3026: Could not copy "C:\Users\ADMIN\OneDrive\M├íy t├¡nh\HRM-SGTD\src\HRM.Domain\bin\Debug\net10.0\HRM.Domain.dll" to "bin\Debug\net10.0\HRM.Domain.dll". Beginning retry 9 in 1000ms. The process cannot access the file 'C:\Users\ADMIN\OneDrive\M├íy t├¡nh\HRM-SGTD\src\HRM.API\bin\Debug\net10.0\HRM.Domain.dll' because it is being used by another process. The file is locked by: "HRM.API (3888)" [C:\Users\ADMIN\OneDrive\M├íy t├¡nh\HRM-SGTD\src\HRM.API\HRM.API.csproj]
C:\Program Files\dotnet\sdk\10.0.103\Microsoft.Common.CurrentVersion.targets(5080,5): warning MSB3026: Could not copy "C:\Users\ADMIN\OneDrive\M├íy t├¡nh\HRM-SGTD\src\HRM.Application\bin\Debug\net10.0\HRM.Application.dll" to "bin\Debug\net10.0\HRM.Application.dll". Beginning retry 9 in 1000ms. The process cannot access the file 'C:\Users\ADMIN\OneDrive\M├íy t├¡nh\HRM-SGTD\src\HRM.API\bin\Debug\net10.0\HRM.Application.dll' because it is being used by another process. The file is locked by: "HRM.API (3888)" [C:\Users\ADMIN\OneDrive\M├íy t├¡nh\HRM-SGTD\src\HRM.API\HRM.API.csproj]
C:\Program Files\dotnet\sdk\10.0.103\Microsoft.Common.CurrentVersion.targets(5080,5): warning MSB3026: Could not copy "C:\Users\ADMIN\OneDrive\M├íy t├¡nh\HRM-SGTD\src\HRM.Infrastructure\bin\Debug\net10.0\HRM.Infrastructure.dll" to "bin\Debug\net10.0\HRM.Infrastructure.dll". Beginning retry 10 in 1000ms. The process cannot access the file 'C:\Users\ADMIN\OneDrive\M├íy t├¡nh\HRM-SGTD\src\HRM.API\bin\Debug\net10.0\HRM.Infrastructure.dll' because it is being used by another process. The file is locked by: "HRM.API (3888)" [C:\Users\ADMIN\OneDrive\M├íy t├¡nh\HRM-SGTD\src\HRM.API\HRM.API.csproj]
C:\Program Files\dotnet\sdk\10.0.103\Microsoft.Common.CurrentVersion.targets(5080,5): warning MSB3026: Could not copy "C:\Users\ADMIN\OneDrive\M├íy t├¡nh\HRM-SGTD\src\HRM.Domain\bin\Debug\net10.0\HRM.Domain.dll" to "bin\Debug\net10.0\HRM.Domain.dll". Beginning retry 10 in 1000ms. The process cannot access the file 'C:\Users\ADMIN\OneDrive\M├íy t├¡nh\HRM-SGTD\src\HRM.API\bin\Debug\net10.0\HRM.Domain.dll' because it is being used by another process. The file is locked by: "HRM.API (3888)" [C:\Users\ADMIN\OneDrive\M├íy t├¡nh\HRM-SGTD\src\HRM.API\HRM.API.csproj]
C:\Program Files\dotnet\sdk\10.0.103\Microsoft.Common.CurrentVersion.targets(5080,5): warning MSB3026: Could not copy "C:\Users\ADMIN\OneDrive\M├íy t├¡nh\HRM-SGTD\src\HRM.Application\bin\Debug\net10.0\HRM.Application.dll" to "bin\Debug\net10.0\HRM.Application.dll". Beginning retry 10 in 1000ms. The process cannot access the file 'C:\Users\ADMIN\OneDrive\M├íy t├¡nh\HRM-SGTD\src\HRM.API\bin\Debug\net10.0\HRM.Application.dll' because it is being used by another process. The file is locked by: "HRM.API (3888)" [C:\Users\ADMIN\OneDrive\M├íy t├¡nh\HRM-SGTD\src\HRM.API\HRM.API.csproj]
C:\Program Files\dotnet\sdk\10.0.103\Microsoft.Common.CurrentVersion.targets(5080,5): error MSB3027: Could not copy "C:\Users\ADMIN\OneDrive\M├íy t├¡nh\HRM-SGTD\src\HRM.Infrastructure\bin\Debug\net10.0\HRM.Infrastructure.dll" to "bin\Debug\net10.0\HRM.Infrastructure.dll". Exceeded retry count of 10. Failed. The file is locked by: "HRM.API (3888)" [C:\Users\ADMIN\OneDrive\M├íy t├¡nh\HRM-SGTD\src\HRM.API\HRM.API.csproj]
C:\Program Files\dotnet\sdk\10.0.103\Microsoft.Common.CurrentVersion.targets(5080,5): error MSB3021: Unable to copy file "C:\Users\ADMIN\OneDrive\M├íy t├¡nh\HRM-SGTD\src\HRM.Infrastructure\bin\Debug\net10.0\HRM.Infrastructure.dll" to "bin\Debug\net10.0\HRM.Infrastructure.dll". The process cannot access the file 'C:\Users\ADMIN\OneDrive\M├íy t├¡nh\HRM-SGTD\src\HRM.API\bin\Debug\net10.0\HRM.Infrastructure.dll' because it is being used by another process. [C:\Users\ADMIN\OneDrive\M├íy t├¡nh\HRM-SGTD\src\HRM.API\HRM.API.csproj]
C:\Program Files\dotnet\sdk\10.0.103\Microsoft.Common.CurrentVersion.targets(5080,5): error MSB3027: Could not copy "C:\Users\ADMIN\OneDrive\M├íy t├¡nh\HRM-SGTD\src\HRM.Domain\bin\Debug\net10.0\HRM.Domain.dll" to "bin\Debug\net10.0\HRM.Domain.dll". Exceeded retry count of 10. Failed. The file is locked by: "HRM.API (3888)" [C:\Users\ADMIN\OneDrive\M├íy t├¡nh\HRM-SGTD\src\HRM.API\HRM.API.csproj]
C:\Program Files\dotnet\sdk\10.0.103\Microsoft.Common.CurrentVersion.targets(5080,5): error MSB3027: Could not copy "C:\Users\ADMIN\OneDrive\M├íy t├¡nh\HRM-SGTD\src\HRM.Application\bin\Debug\net10.0\HRM.Application.dll" to "bin\Debug\net10.0\HRM.Application.dll". Exceeded retry count of 10. Failed. The file is locked by: "HRM.API (3888)" [C:\Users\ADMIN\OneDrive\M├íy t├¡nh\HRM-SGTD\src\HRM.API\HRM.API.csproj]
C:\Program Files\dotnet\sdk\10.0.103\Microsoft.Common.CurrentVersion.targets(5080,5): error MSB3021: Unable to copy file "C:\Users\ADMIN\OneDrive\M├íy t├¡nh\HRM-SGTD\src\HRM.Application\bin\Debug\net10.0\HRM.Application.dll" to "bin\Debug\net10.0\HRM.Application.dll". The process cannot access the file 'C:\Users\ADMIN\OneDrive\M├íy t├¡nh\HRM-SGTD\src\HRM.API\bin\Debug\net10.0\HRM.Application.dll' because it is being used by another process. [C:\Users\ADMIN\OneDrive\M├íy t├¡nh\HRM-SGTD\src\HRM.API\HRM.API.csproj]
C:\Program Files\dotnet\sdk\10.0.103\Microsoft.Common.CurrentVersion.targets(5080,5): error MSB3021: Unable to copy file "C:\Users\ADMIN\OneDrive\M├íy t├¡nh\HRM-SGTD\src\HRM.Domain\bin\Debug\net10.0\HRM.Domain.dll" to "bin\Debug\net10.0\HRM.Domain.dll". The process cannot access the file 'C:\Users\ADMIN\OneDrive\M├íy t├¡nh\HRM-SGTD\src\HRM.API\bin\Debug\net10.0\HRM.Domain.dll' because it is being used by another process. [C:\Users\ADMIN\OneDrive\M├íy t├¡nh\HRM-SGTD\src\HRM.API\HRM.API.csproj]
    30 Warning(s)
    6 Error(s)

Time Elapsed 00:00:15.05
